Compiled with problems:X

ERROR in ./node_modules/gaxios/build/src/gaxios.js 25:16-32

Module not found: Error: Can't resolve 'https' in '/Users/KMcGuinness/Library/CloudStorage/GoogleDrive-kmcguinness@caldwell.edu/.shortcut-targets-by-id/1G4VWzR5uQdtCA8LY8BLpG82NveelCVAZ/protRedox/web-protredox/node_modules/gaxios/build/src'

BREAKING CHANGE: webpack < 5 used to include polyfills for node.js core modules by default.
This is no longer the case. Verify if you need this module and configure a polyfill for it.

If you want to include a polyfill, you need to:
	- add a fallback 'resolve.fallback: { "https": require.resolve("https-browserify") }'
	- install 'https-browserify'
If you don't want to include a polyfill, you can use an empty module like this:
	resolve.fallback: { "https": false }


ERROR in ./node_modules/google-auth-library/build/src/auth/googleauth.js 20:24-48

Module not found: Error: Can't resolve 'child_process' in '/Users/KMcGuinness/Library/CloudStorage/GoogleDrive-kmcguinness@caldwell.edu/.shortcut-targets-by-id/1G4VWzR5uQdtCA8LY8BLpG82NveelCVAZ/protRedox/web-protredox/node_modules/google-auth-library/build/src/auth'


ERROR in ./node_modules/google-auth-library/build/src/auth/googleauth.js 21:11-24

Module not found: Error: Can't resolve 'fs' in '/Users/KMcGuinness/Library/CloudStorage/GoogleDrive-kmcguinness@caldwell.edu/.shortcut-targets-by-id/1G4VWzR5uQdtCA8LY8BLpG82NveelCVAZ/protRedox/web-protredox/node_modules/google-auth-library/build/src/auth'


ERROR in ./node_modules/google-auth-library/build/src/auth/googleauth.js 23:11-24

Module not found: Error: Can't resolve 'os' in '/Users/KMcGuinness/Library/CloudStorage/GoogleDrive-kmcguinness@caldwell.edu/.shortcut-targets-by-id/1G4VWzR5uQdtCA8LY8BLpG82NveelCVAZ/protRedox/web-protredox/node_modules/google-auth-library/build/src/auth'

BREAKING CHANGE: webpack < 5 used to include polyfills for node.js core modules by default.
This is no longer the case. Verify if you need this module and configure a polyfill for it.

If you want to include a polyfill, you need to:
	- add a fallback 'resolve.fallback: { "os": require.resolve("os-browserify/browser") }'
	- install 'os-browserify'
If you don't want to include a polyfill, you can use an empty module like this:
	resolve.fallback: { "os": false }


ERROR in ./node_modules/google-auth-library/build/src/auth/googleauth.js 24:13-28

Module not found: Error: Can't resolve 'path' in '/Users/KMcGuinness/Library/CloudStorage/GoogleDrive-kmcguinness@caldwell.edu/.shortcut-targets-by-id/1G4VWzR5uQdtCA8LY8BLpG82NveelCVAZ/protRedox/web-protredox/node_modules/google-auth-library/build/src/auth'

BREAKING CHANGE: webpack < 5 used to include polyfills for node.js core modules by default.
This is no longer the case. Verify if you need this module and configure a polyfill for it.

If you want to include a polyfill, you need to:
	- add a fallback 'resolve.fallback: { "path": require.resolve("path-browserify") }'
	- install 'path-browserify'
If you don't want to include a polyfill, you can use an empty module like this:
	resolve.fallback: { "path": false }


ERROR in ./node_modules/google-auth-library/build/src/crypto/node/crypto.js 20:15-32

Module not found: Error: Can't resolve 'crypto' in '/Users/KMcGuinness/Library/CloudStorage/GoogleDrive-kmcguinness@caldwell.edu/.shortcut-targets-by-id/1G4VWzR5uQdtCA8LY8BLpG82NveelCVAZ/protRedox/web-protredox/node_modules/google-auth-library/build/src/crypto/node'
Did you mean './crypto'?
Requests that should resolve in the current directory need to start with './'.
Requests that start with a name are treated as module requests and resolve within module directories (node_modules, /Users/KMcGuinness/Library/CloudStorage/GoogleDrive-kmcguinness@caldwell.edu/.shortcut-targets-by-id/1G4VWzR5uQdtCA8LY8BLpG82NveelCVAZ/protRedox/web-protredox/node_modules).
If changing the source code is not an option there is also a resolve options called 'preferRelative' which tries to resolve these kind of requests in the current directory too.

BREAKING CHANGE: webpack < 5 used to include polyfills for node.js core modules by default.
This is no longer the case. Verify if you need this module and configure a polyfill for it.

If you want to include a polyfill, you need to:
	- add a fallback 'resolve.fallback: { "crypto": require.resolve("crypto-browserify") }'
	- install 'crypto-browserify'
If you don't want to include a polyfill, you can use an empty module like this:
	resolve.fallback: { "crypto": false }


ERROR in ./node_modules/google-p12-pem/build/src/index.js 13:11-24

Module not found: Error: Can't resolve 'fs' in '/Users/KMcGuinness/Library/CloudStorage/GoogleDrive-kmcguinness@caldwell.edu/.shortcut-targets-by-id/1G4VWzR5uQdtCA8LY8BLpG82NveelCVAZ/protRedox/web-protredox/node_modules/google-p12-pem/build/src'


ERROR in ./node_modules/gtoken/build/src/index.js 13:11-24

Module not found: Error: Can't resolve 'fs' in '/Users/KMcGuinness/Library/CloudStorage/GoogleDrive-kmcguinness@caldwell.edu/.shortcut-targets-by-id/1G4VWzR5uQdtCA8LY8BLpG82NveelCVAZ/protRedox/web-protredox/node_modules/gtoken/build/src'


ERROR in ./node_modules/gtoken/build/src/index.js 16:13-28

Module not found: Error: Can't resolve 'path' in '/Users/KMcGuinness/Library/CloudStorage/GoogleDrive-kmcguinness@caldwell.edu/.shortcut-targets-by-id/1G4VWzR5uQdtCA8LY8BLpG82NveelCVAZ/protRedox/web-protredox/node_modules/gtoken/build/src'

BREAKING CHANGE: webpack < 5 used to include polyfills for node.js core modules by default.
This is no longer the case. Verify if you need this module and configure a polyfill for it.

If you want to include a polyfill, you need to:
	- add a fallback 'resolve.fallback: { "path": require.resolve("path-browserify") }'
	- install 'path-browserify'
If you don't want to include a polyfill, you can use an empty module like this:
	resolve.fallback: { "path": false }


ERROR in ./node_modules/https-proxy-agent/dist/agent.js 38:30-44

Module not found: Error: Can't resolve 'net' in '/Users/KMcGuinness/Library/CloudStorage/GoogleDrive-kmcguinness@caldwell.edu/.shortcut-targets-by-id/1G4VWzR5uQdtCA8LY8BLpG82NveelCVAZ/protRedox/web-protredox/node_modules/https-proxy-agent/dist'


ERROR in ./node_modules/https-proxy-agent/dist/agent.js 39:30-44

Module not found: Error: Can't resolve 'tls' in '/Users/KMcGuinness/Library/CloudStorage/GoogleDrive-kmcguinness@caldwell.edu/.shortcut-targets-by-id/1G4VWzR5uQdtCA8LY8BLpG82NveelCVAZ/protRedox/web-protredox/node_modules/https-proxy-agent/dist'


ERROR in ./node_modules/https-proxy-agent/dist/agent.js 41:33-50

Module not found: Error: Can't resolve 'assert' in '/Users/KMcGuinness/Library/CloudStorage/GoogleDrive-kmcguinness@caldwell.edu/.shortcut-targets-by-id/1G4VWzR5uQdtCA8LY8BLpG82NveelCVAZ/protRedox/web-protredox/node_modules/https-proxy-agent/dist'

BREAKING CHANGE: webpack < 5 used to include polyfills for node.js core modules by default.
This is no longer the case. Verify if you need this module and configure a polyfill for it.

If you want to include a polyfill, you need to:
	- add a fallback 'resolve.fallback: { "assert": require.resolve("assert/") }'
	- install 'assert'
If you don't want to include a polyfill, you can use an empty module like this:
	resolve.fallback: { "assert": false }


ERROR in ./node_modules/jwa/index.js 3:13-30

Module not found: Error: Can't resolve 'crypto' in '/Users/KMcGuinness/Library/CloudStorage/GoogleDrive-kmcguinness@caldwell.edu/.shortcut-targets-by-id/1G4VWzR5uQdtCA8LY8BLpG82NveelCVAZ/protRedox/web-protredox/node_modules/jwa'

BREAKING CHANGE: webpack < 5 used to include polyfills for node.js core modules by default.
This is no longer the case. Verify if you need this module and configure a polyfill for it.

If you want to include a polyfill, you need to:
	- add a fallback 'resolve.fallback: { "crypto": require.resolve("crypto-browserify") }'
	- install 'crypto-browserify'
If you don't want to include a polyfill, you can use an empty module like this:
	resolve.fallback: { "crypto": false }

